// Jest Snapshot v1, https://goo.gl/fbAQLP

exports[`Home should match a snapshot 1`] = `
<Fragment>
  <h1>
    React JS
  </h1>
  <div>
    <a
      onClick={[MockFunction]}
    >
      Clear All
    </a>
  </div>
  <div>
    <a
      onClick={[MockFunction]}
    >
      Fetch All
    </a>
  </div>
  <div>
    <Link
      to="/item/"
    >
      Item Page
    </Link>
  </div>
  <div
    key="someid"
  >
    <a
      href="http://something.com"
      target="_blank"
    >
      Title
    </a>
  </div>
</Fragment>
`;
