// Jest Snapshot v1, https://goo.gl/fbAQLP

exports[`Item should match a snapshot 1`] = `
<Container
  text={true}
>
  <Header
    as="h1"
  >
    Node JS
  </Header>
  <Menu>
    <MenuItem>
      <a
        onClick={[MockFunction]}
      >
        Clear All
      </a>
    </MenuItem>
    <MenuItem>
      <a
        onClick={[MockFunction]}
      >
        Fetch All
      </a>
    </MenuItem>
    <MenuItem>
      <Link
        to="/"
      >
        Home Page
      </Link>
    </MenuItem>
  </Menu>
  <div
    key="someid"
  >
    <a
      href="http://something.com"
      target="_blank"
    >
      Title
    </a>
    <Divider />
  </div>
</Container>
`;
